// Jest Snapshot v1, https://goo.gl/fbAQLP

exports[`Braintree hosted fields renders and matches snapshot 1`] = `
<div>
  <div
    className="braintree-hosted-field"
    id="#field-number-1"
  />
  <div
    className="braintree-hosted-field"
    id="#field-expirationDate-1"
  />
  <div
    className="braintree-hosted-field"
    id="#field-expirationMonth-1"
  />
  <div
    className="braintree-hosted-field"
    id="#field-expirationYear-1"
  />
  <div
    className="braintree-hosted-field"
    id="#field-cvv-1"
  />
  <div
    className="braintree-hosted-field"
    id="#field-postalCode-1"
  />
</div>
`;
